Copyright 1986-2018 Xilinx, Inc. All Rights Reserved.
------------------------------------------------------------------------------------------------------
| Tool Version : Vivado v.2018.2 (win64) Build 2258646 Thu Jun 14 20:03:12 MDT 2018
| Date         : Wed Aug  4 14:51:43 2021
| Host         : itiv-pool-184 running 64-bit major release  (build 9200)
| Command      : report_control_sets -verbose -file neorv32_ProcessorTop_Test_control_sets_placed.rpt
| Design       : neorv32_ProcessorTop_Test
| Device       : xc7z020
------------------------------------------------------------------------------------------------------

Control Set Information

Table of Contents
-----------------
1. Summary
2. Histogram
3. Flip-Flop Distribution
4. Detailed Control Set Information

1. Summary
----------

+----------------------------------------------------------+-------+
|                          Status                          | Count |
+----------------------------------------------------------+-------+
| Number of unique control sets                            |    69 |
| Unused register locations in slices containing registers |   138 |
+----------------------------------------------------------+-------+


2. Histogram
------------

+--------+--------------+
| Fanout | Control Sets |
+--------+--------------+
|      2 |            1 |
|      8 |            2 |
|     10 |            2 |
|     12 |            5 |
|     14 |            1 |
|    16+ |           58 |
+--------+--------------+


3. Flip-Flop Distribution
-------------------------

+--------------+-----------------------+------------------------+-----------------+--------------+
| Clock Enable | Synchronous Set/Reset | Asynchronous Set/Reset | Total Registers | Total Slices |
+--------------+-----------------------+------------------------+-----------------+--------------+
| No           | No                    | No                     |             422 |           80 |
| No           | No                    | Yes                    |             128 |           34 |
| No           | Yes                   | No                     |             338 |           82 |
| Yes          | No                    | No                     |            2364 |          381 |
| Yes          | No                    | Yes                    |             208 |           49 |
| Yes          | Yes                   | No                     |             218 |           32 |
+--------------+-----------------------+------------------------+-----------------+--------------+


4. Detailed Control Set Information
-----------------------------------

+------------------+------------------------------------------------------------------------------------------------------------------------------------------------------------------+------------------------------------------------------------------------------------------------------------------------------------------------------------------+------------------+----------------+
|   Clock Signal   |                                                                           Enable Signal                                                                          |                                                                         Set/Reset Signal                                                                         | Slice Load Count | Bel Load Count |
+------------------+------------------------------------------------------------------------------------------------------------------------------------------------------------------+------------------------------------------------------------------------------------------------------------------------------------------------------------------+------------------+----------------+
|  clk_i_IBUF_BUFG |                                                                                                                                                                  | neorv32_top_inst/neorv32_cpu_inst/neorv32_cpu_control_inst/p_1_in83_in                                                                                           |                1 |              2 |
|  clk_i_IBUF_BUFG | neorv32_top_inst/neorv32_cpu_inst/neorv32_cpu_control_inst/csr[mstatus_mie]_i_1_n_0                                                                              | neorv32_top_inst/sys_rstn_reg_inv_n_0                                                                                                                            |                2 |              8 |
|  clk_i_IBUF_BUFG | neorv32_top_inst/neorv32_cpu_inst/neorv32_cpu_alu_inst/neorv32_cpu_cp_muldiv_inst_true.neorv32_cpu_cp_muldiv_inst/cnt[4]_i_2_n_0                                 | neorv32_top_inst/neorv32_cpu_inst/neorv32_cpu_alu_inst/neorv32_cpu_cp_muldiv_inst_true.neorv32_cpu_cp_muldiv_inst/cnt[4]_i_1_n_0                                 |                1 |              8 |
|  clk_i_IBUF_BUFG |                                                                                                                                                                  | neorv32_top_inst/neorv32_cpu_inst/neorv32_cpu_control_inst/ctrl[47]_i_1_n_0                                                                                      |                5 |             10 |
|  clk_i_IBUF_BUFG | neorv32_top_inst/neorv32_cpu_inst/neorv32_cpu_control_inst/trap_ctrl[env_start]                                                                                  | neorv32_top_inst/sys_rstn_reg_inv_n_0                                                                                                                            |                1 |             10 |
|  clk_i_IBUF_BUFG |                                                                                                                                                                  | neorv32_top_inst/neorv32_cpu_inst/neorv32_cpu_control_inst/data_o_reg[31][0]                                                                                     |                2 |             12 |
|  clk_i_IBUF_BUFG | neorv32_top_inst/neorv32_cpu_inst/neorv32_cpu_control_inst/csr_reg[mcause]0                                                                                      |                                                                                                                                                                  |                1 |             12 |
|  clk_i_IBUF_BUFG | neorv32_top_inst/neorv32_cpu_inst/neorv32_cpu_control_inst/trap_ctrl[env_start]_i_2_n_0                                                                          |                                                                                                                                                                  |                3 |             12 |
|  clk_i_IBUF_BUFG | neorv32_top_inst/neorv32_cpu_inst/neorv32_cpu_control_inst/ctrl_reg_reg[clk_sel][0]                                                                              | neorv32_top_inst/neorv32_wdt_inst_true.neorv32_wdt_inst/ctrl_reg[enable]_i_3_n_0                                                                                 |                1 |             12 |
|  clk_i_IBUF_BUFG | neorv32_top_inst/neorv32_cpu_inst/neorv32_cpu_control_inst/csr[mcountinhibit_cy]_i_1_n_0                                                                         |                                                                                                                                                                  |                5 |             12 |
|  clk_i_IBUF_BUFG |                                                                                                                                                                  | neorv32_top_inst/neorv32_cpu_inst/neorv32_cpu_bus_inst/data_o_reg[8][0]                                                                                          |                2 |             14 |
|  clk_i_IBUF_BUFG | neorv32_top_inst/neorv32_cpu_inst/neorv32_cpu_control_inst/csr[mhpmcounterh][3][7]_i_1_n_0                                                                       |                                                                                                                                                                  |                3 |             16 |
|  clk_i_IBUF_BUFG | neorv32_top_inst/neorv32_cpu_inst/neorv32_cpu_control_inst/csr[mhpmcounterh][1][7]_i_1_n_0                                                                       |                                                                                                                                                                  |                3 |             16 |
|  clk_i_IBUF_BUFG | neorv32_top_inst/neorv32_cpu_inst/neorv32_cpu_control_inst/csr[mhpmcounterh][0][7]_i_1_n_0                                                                       |                                                                                                                                                                  |                3 |             16 |
|  clk_i_IBUF_BUFG | neorv32_top_inst/neorv32_uart0_inst_true.neorv32_uart0_inst/uart_tx[sreg][8]_i_1_n_0                                                                             |                                                                                                                                                                  |                3 |             16 |
|  clk_i_IBUF_BUFG | neorv32_top_inst/neorv32_cpu_inst/neorv32_cpu_control_inst/csr[mhpmcounterh][2][7]_i_1_n_0                                                                       |                                                                                                                                                                  |                3 |             16 |
|  clk_i_IBUF_BUFG |                                                                                                                                                                  | neorv32_top_inst/neorv32_wdt_inst_true.neorv32_wdt_inst/ctrl_reg[enable]_i_3_n_0                                                                                 |                3 |             16 |
|  clk_i_IBUF_BUFG |                                                                                                                                                                  | rstn_i_IBUF                                                                                                                                                      |                4 |             18 |
|  clk_i_IBUF_BUFG | neorv32_top_inst/neorv32_uart0_inst_true.neorv32_uart0_inst/uart_rx[sreg][9]_i_1_n_0                                                                             |                                                                                                                                                                  |                2 |             20 |
|  clk_i_IBUF_BUFG | neorv32_top_inst/or_reduce_f                                                                                                                                     | neorv32_top_inst/sys_rstn_reg_inv_n_0                                                                                                                            |                3 |             24 |
|  clk_i_IBUF_BUFG | neorv32_top_inst/neorv32_uart0_inst_true.neorv32_uart0_inst/uart_rx[baud_cnt][11]_i_1_n_0                                                                        |                                                                                                                                                                  |                4 |             24 |
|  clk_i_IBUF_BUFG | neorv32_top_inst/neorv32_uart0_inst_true.neorv32_uart0_inst/uart_tx[baud_cnt][11]_i_1_n_0                                                                        |                                                                                                                                                                  |                3 |             24 |
|  clk_i_IBUF_BUFG | neorv32_top_inst/neorv32_cpu_inst/neorv32_cpu_control_inst/instr_prefetch_buffer/E[0]                                                                            | neorv32_top_inst/sys_rstn_reg_inv_n_0                                                                                                                            |                7 |             28 |
|  clk_i_IBUF_BUFG | neorv32_top_inst/neorv32_cpu_inst/neorv32_cpu_control_inst/csr[mhpmevent][3][14]_i_1_n_0                                                                         |                                                                                                                                                                  |                4 |             28 |
|  clk_i_IBUF_BUFG | neorv32_top_inst/neorv32_cpu_inst/neorv32_cpu_control_inst/csr[mhpmevent][2][14]_i_1_n_0                                                                         |                                                                                                                                                                  |                4 |             28 |
|  clk_i_IBUF_BUFG | neorv32_top_inst/neorv32_cpu_inst/neorv32_cpu_control_inst/csr[mhpmevent][0][14]_i_1_n_0                                                                         |                                                                                                                                                                  |                7 |             28 |
|  clk_i_IBUF_BUFG | neorv32_top_inst/neorv32_cpu_inst/neorv32_cpu_control_inst/csr[mhpmevent][1][14]_i_1_n_0                                                                         |                                                                                                                                                                  |                6 |             28 |
|  clk_i_IBUF_BUFG | neorv32_top_inst/neorv32_cpu_inst/neorv32_cpu_control_inst/instr_prefetch_buffer/issue_engine_reg[buf][0][0]                                                     |                                                                                                                                                                  |                7 |             34 |
|  clk_i_IBUF_BUFG | neorv32_top_inst/neorv32_cpu_inst/neorv32_cpu_control_inst/csr[mie_msie]_i_1_n_0                                                                                 |                                                                                                                                                                  |               10 |             38 |
|  clk_i_IBUF_BUFG | neorv32_top_inst/neorv32_uart0_inst_true.neorv32_uart0_inst/uart_rx[ferr][1]_i_2_n_0                                                                             | neorv32_top_inst/neorv32_uart0_inst_true.neorv32_uart0_inst/uart_rx[busy]6_in                                                                                    |                4 |             40 |
|  clk_i_IBUF_BUFG | neorv32_top_inst/neorv32_cpu_inst/neorv32_cpu_bus_inst/E[0]                                                                                                      |                                                                                                                                                                  |                7 |             42 |
|  clk_i_IBUF_BUFG | neorv32_top_inst/neorv32_wdt_inst_true.neorv32_wdt_inst/wdt_cnt[0]_i_1_n_0                                                                                       | neorv32_top_inst/neorv32_wdt_inst_true.neorv32_wdt_inst/ctrl_reg_reg[reset]__0                                                                                   |                6 |             42 |
|  clk_i_IBUF_BUFG |                                                                                                                                                                  | neorv32_top_inst/neorv32_uart0_inst_true.neorv32_uart0_inst/data_o[31]_i_1_n_0                                                                                   |                6 |             44 |
|  clk_i_IBUF_BUFG | neorv32_top_inst/neorv32_cpu_inst/neorv32_cpu_control_inst/csr[mtvec][31]_i_1_n_0                                                                                |                                                                                                                                                                  |               12 |             60 |
|  clk_i_IBUF_BUFG | neorv32_top_inst/neorv32_cpu_inst/neorv32_cpu_control_inst/csr[mepc][31]_i_1_n_0                                                                                 |                                                                                                                                                                  |               10 |             62 |
|  clk_i_IBUF_BUFG | neorv32_top_inst/neorv32_cpu_inst/neorv32_cpu_control_inst/execute_engine[next_pc]                                                                               |                                                                                                                                                                  |               10 |             62 |
|  clk_i_IBUF_BUFG | neorv32_top_inst/neorv32_cpu_inst/neorv32_cpu_control_inst/fetch_engine[pc][1]_i_1_n_0                                                                           |                                                                                                                                                                  |                8 |             62 |
|  clk_i_IBUF_BUFG | neorv32_top_inst/neorv32_cpu_inst/neorv32_cpu_control_inst/instr_prefetch_buffer/execute_engine_reg[pc][1][0]                                                    | neorv32_top_inst/sys_rstn_reg_inv_n_0                                                                                                                            |               12 |             62 |
|  clk_i_IBUF_BUFG |                                                                                                                                                                  | neorv32_top_inst/neorv32_cpu_inst/neorv32_cpu_alu_inst/neorv32_cpu_cp_muldiv_inst_true.neorv32_cpu_cp_muldiv_inst/res_o[31]_i_1_n_0                              |               17 |             64 |
|  clk_i_IBUF_BUFG |                                                                                                                                                                  | neorv32_top_inst/neorv32_cpu_inst/neorv32_cpu_bus_inst/SR[0]                                                                                                     |               13 |             64 |
|  clk_i_IBUF_BUFG |                                                                                                                                                                  | neorv32_top_inst/neorv32_cpu_inst/neorv32_cpu_bus_inst/data_o_reg[31][0]                                                                                         |               14 |             64 |
|  clk_i_IBUF_BUFG |                                                                                                                                                                  | neorv32_top_inst/neorv32_cpu_inst/neorv32_cpu_control_inst/csr_reg[re]_inv_n_0                                                                                   |               22 |             64 |
|  clk_i_IBUF_BUFG | neorv32_top_inst/neorv32_cpu_inst/neorv32_cpu_control_inst/csr[minstret][31]_i_1_n_0                                                                             |                                                                                                                                                                  |                8 |             64 |
|  clk_i_IBUF_BUFG | neorv32_top_inst/neorv32_cpu_inst/neorv32_cpu_alu_inst/neorv32_cpu_cp_muldiv_inst_true.neorv32_cpu_cp_muldiv_inst/multiplier_core_serial.mul_product[31]_i_1_n_0 |                                                                                                                                                                  |                4 |             64 |
|  clk_i_IBUF_BUFG | neorv32_top_inst/neorv32_cpu_inst/neorv32_cpu_alu_inst/neorv32_cpu_cp_muldiv_inst_true.neorv32_cpu_cp_muldiv_inst/multiplier_core_serial.mul_product[31]_i_1_n_0 | neorv32_top_inst/neorv32_cpu_inst/neorv32_cpu_alu_inst/neorv32_cpu_cp_muldiv_inst_true.neorv32_cpu_cp_muldiv_inst/multiplier_core_serial.mul_product[63]_i_1_n_0 |                9 |             64 |
|  clk_i_IBUF_BUFG | neorv32_top_inst/neorv32_cpu_inst/neorv32_cpu_control_inst/csr[mscratch][31]_i_1_n_0                                                                             | neorv32_top_inst/sys_rstn_reg_inv_n_0                                                                                                                            |               23 |             64 |
|  clk_i_IBUF_BUFG | neorv32_top_inst/neorv32_cpu_inst/neorv32_cpu_control_inst/csr[minstreth][31]_i_1_n_0                                                                            |                                                                                                                                                                  |                8 |             64 |
|  clk_i_IBUF_BUFG | neorv32_top_inst/neorv32_cpu_inst/neorv32_cpu_control_inst/csr[mtval]                                                                                            | neorv32_top_inst/neorv32_cpu_inst/neorv32_cpu_control_inst/csr[mtval][31]_i_1_n_0                                                                                |               12 |             64 |
|  clk_i_IBUF_BUFG | neorv32_top_inst/neorv32_cpu_inst/neorv32_cpu_bus_inst/dout_hi_reg[31][0]                                                                                        |                                                                                                                                                                  |                8 |             64 |
|  clk_i_IBUF_BUFG | neorv32_top_inst/neorv32_cpu_inst/neorv32_cpu_control_inst/csr[mcycleh][31]_i_1_n_0                                                                              |                                                                                                                                                                  |                8 |             64 |
|  clk_i_IBUF_BUFG | neorv32_top_inst/neorv32_cpu_inst/neorv32_cpu_control_inst/cnt_reg[1][10]                                                                                        |                                                                                                                                                                  |               10 |             64 |
|  clk_i_IBUF_BUFG | neorv32_top_inst/neorv32_cpu_inst/neorv32_cpu_control_inst/p_2_out[31]                                                                                           |                                                                                                                                                                  |                8 |             64 |
|  clk_i_IBUF_BUFG | neorv32_top_inst/neorv32_cpu_inst/neorv32_cpu_bus_inst/mtimecmp_hi_reg[31][0]                                                                                    |                                                                                                                                                                  |               10 |             64 |
|  clk_i_IBUF_BUFG | neorv32_top_inst/neorv32_cpu_inst/neorv32_cpu_bus_inst/mtimecmp_lo_reg[31]_0[0]                                                                                  |                                                                                                                                                                  |                9 |             64 |
|  clk_i_IBUF_BUFG | neorv32_top_inst/neorv32_cpu_inst/neorv32_cpu_control_inst/csr[mhpmcounter][3][31]_i_1_n_0                                                                       |                                                                                                                                                                  |                7 |             64 |
|  clk_i_IBUF_BUFG | neorv32_top_inst/neorv32_cpu_inst/neorv32_cpu_control_inst/csr[mhpmcounter][1][31]_i_1_n_0                                                                       |                                                                                                                                                                  |                8 |             64 |
|  clk_i_IBUF_BUFG | neorv32_top_inst/neorv32_cpu_inst/neorv32_cpu_control_inst/csr[mhpmcounter][0][31]_i_1_n_0                                                                       |                                                                                                                                                                  |                6 |             64 |
|  clk_i_IBUF_BUFG | neorv32_top_inst/neorv32_cpu_inst/neorv32_cpu_control_inst/csr[mhpmcounter][2][31]_i_1_n_0                                                                       |                                                                                                                                                                  |                7 |             64 |
|  clk_i_IBUF_BUFG | neorv32_top_inst/neorv32_cpu_inst/neorv32_cpu_control_inst/instr_prefetch_buffer/fifo[data][0]_14                                                                |                                                                                                                                                                  |               12 |             66 |
|  clk_i_IBUF_BUFG | neorv32_top_inst/neorv32_cpu_inst/neorv32_cpu_control_inst/instr_prefetch_buffer/fifo[data][1]_15                                                                |                                                                                                                                                                  |               11 |             66 |
|  clk_i_IBUF_BUFG | neorv32_top_inst/neorv32_cpu_inst/neorv32_cpu_alu_inst/neorv32_cpu_cp_shifter_inst/shifter[sreg]                                                                 |                                                                                                                                                                  |               16 |             74 |
|  clk_i_IBUF_BUFG | neorv32_top_inst/neorv32_cpu_inst/neorv32_cpu_control_inst/execute_engine[i_reg_nxt]                                                                             |                                                                                                                                                                  |               20 |             76 |
|  clk_i_IBUF_BUFG | neorv32_top_inst/neorv32_cpu_inst/neorv32_cpu_bus_inst/dout_lo_reg[31]_0[0]                                                                                      |                                                                                                                                                                  |               17 |             80 |
|  clk_i_IBUF_BUFG |                                                                                                                                                                  | neorv32_top_inst/sys_rstn_reg_inv_n_0                                                                                                                            |               27 |             94 |
|  clk_i_IBUF_BUFG | neorv32_top_inst/neorv32_cpu_inst/neorv32_cpu_control_inst/cnt_event_nxt[2]                                                                                      |                                                                                                                                                                  |               19 |            126 |
|  clk_i_IBUF_BUFG | neorv32_top_inst/neorv32_cpu_inst/neorv32_cpu_control_inst/cnt_reg[1][9]                                                                                         |                                                                                                                                                                  |               18 |            128 |
|  clk_i_IBUF_BUFG | neorv32_top_inst/neorv32_cpu_inst/neorv32_cpu_alu_inst/neorv32_cpu_cp_muldiv_inst_true.neorv32_cpu_cp_muldiv_inst/remainder                                      |                                                                                                                                                                  |               22 |            128 |
|  clk_i_IBUF_BUFG | neorv32_top_inst/neorv32_cpu_inst/neorv32_cpu_alu_inst/neorv32_cpu_cp_muldiv_inst_true.neorv32_cpu_cp_muldiv_inst/start_div                                      |                                                                                                                                                                  |               27 |            132 |
|  clk_i_IBUF_BUFG |                                                                                                                                                                  |                                                                                                                                                                  |               81 |            424 |
+------------------+------------------------------------------------------------------------------------------------------------------------------------------------------------------+------------------------------------------------------------------------------------------------------------------------------------------------------------------+------------------+----------------+


